28 00 60 00 00 0e 00 00 40 00 00 00 20 00 00 00
28 00 80 00 00 0e 00 00 30 00 00 00 10 00 00 00
28 00 61 00 00 0e 00 00 20 00 00 00 20 00 00 00
28 00 81 00 00 0e 00 00 10 00 00 00 10 00 00 00
