24 00 60 00 00 0e 00 00 30 00 00 00 30 00 00 00
24 00 80 00 00 0e 00 00 20 00 00 00 20 00 00 00
24 00 a0 00 00 0e 00 00 10 00 00 00 10 00 00 00
