2a 00 76 00 01 0e 00 00 40 00 00 00 40 00 00 00
2a 00 60 00 00 0e 00 00 10 00 00 00 10 00 00 00
2a 00 96 00 01 0e 00 00 20 00 00 00 20 00 00 00
2a 00 80 00 00 0e 00 00 10 00 00 00 10 00 00 00
