22 00 61 00 00 0e 00 00 50 00 00 00 20 00 00 00
22 00 71 00 00 0e 00 00 40 00 00 00 10 00 00 00
22 00 91 00 00 0e 00 00 30 00 00 00 30 00 00 00
22 00 81 00 00 0e 00 00 20 00 00 00 20 00 00 00
22 00 a1 00 00 0e 00 00 10 00 00 00 10 00 00 00
